// Jest Snapshot v1, https://goo.gl/fbAQLP

exports[`Render FilmCard 1`] = `
<article
  className="small-movie-card catalog__movies-card"
  onClick={[Function]}
  onMouseEnter={[Function]}
  onMouseLeave={[Function]}
>
  <div
    className="small-movie-card__image"
  >
    <img
      alt="Tenet"
      height="175"
      src="img/orlando.jpg"
      width="280"
    />
  </div>
  <h3
    className="small-movie-card__title"
  >
    <a
      className="small-movie-card__link"
      href="movie-page.html"
      onClick={[Function]}
    >
      Tenet
    </a>
  </h3>
</article>
`;
